// Jest Snapshot v1, https://goo.gl/fbAQLP

exports[`ConfirmGasDisplay should match snapshot 1`] = `
<div>
  <div
    class="transaction-detail-item"
    data-testid="confirm-gas-display"
  >
    <div
      class="transaction-detail-item__row"
    >
      <h6
        class="box box--margin-top-1 box--margin-bottom-1 box--display-flex box--flex-direction-row box--flex-wrap-nowrap box--align-items-center typography typography--h6 typography--weight-bold typography--style-normal typography--color-text-default"
      >
        <div
          class="box box--display-flex box--flex-direction-row"
        >
          <div
            class="box box--margin-right-1 box--flex-direction-row"
          >
            Estimated fee
          </div>
        </div>
      </h6>
      <div
        class="transaction-detail-item__detail-values"
      >
        <h6
          class="box box--margin-top-1 box--margin-bottom-1 box--flex-direction-row typography typography--h6 typography--weight-normal typography--style-normal typography--color-text-alternative"
        >
          <div
            class="gas-details-item__currency-container"
          >
            <button
              data-testid="edit-gas-fee-icon"
            >
              <span
                class="box mm-icon mm-icon--size-xs box--display-inline-block box--flex-direction-row box--color-primary-default"
                style="mask-image: url('./images/icons/edit.svg');"
              />
            </button>
            <div
              class="currency-display-component"
              title="0"
            >
              <span
                class="currency-display-component__prefix"
              />
              <span
                class="currency-display-component__text"
              >
                0
              </span>
            </div>
          </div>
        </h6>
        <h6
          class="box box--margin-top-1 box--margin-bottom-1 box--margin-left-1 box--flex-direction-row box--text-align-right typography typography--h6 typography--weight-bold typography--style-normal typography--color-text-default"
        >
          <div
            class="gas-details-item__currency-container"
          >
            <div
              class="currency-display-component"
              title="0 ETH"
            >
              <span
                class="currency-display-component__prefix"
              />
              <span
                class="currency-display-component__text"
              >
                0
              </span>
              <span
                class="currency-display-component__suffix"
              >
                ETH
              </span>
            </div>
          </div>
        </h6>
      </div>
    </div>
    <div
      class="transaction-detail-item__row"
    >
      <div>
        <div
          class="box box--display-flex box--flex-direction-row"
        >
          <h6
            class="box box--margin-top-1 box--margin-bottom-1 box--flex-direction-row typography gas-timing__text typography--h7 typography--weight-normal typography--style-normal typography--color-text-default"
          >
            Advanced
          </h6>
          <h6
            class="box box--margin-top-1 box--margin-bottom-1 box--flex-direction-row typography gas-timing gas-timing--positive typography--h7 typography--weight-normal typography--style-normal typography--color-text-default"
          >
            <span
              data-testid="gas-timing-time"
            >
              ~
              1 sec
            </span>
          </h6>
        </div>
      </div>
      <h6
        class="box box--margin-top-1 box--margin-bottom-1 box--flex-direction-row typography transaction-detail-item__row-subText typography--h7 typography--weight-normal typography--style-normal typography--align-end typography--color-text-alternative"
      >
        <div
          class="box gas-details-item__gasfee-label box--display-inline-flex box--flex-direction-row"
        >
          <div
            class="box box--margin-right-1 box--flex-direction-row"
          >
            <strong>
              Max fee:
            </strong>
          </div>
          <div
            class="gas-details-item__currency-container"
          >
            <div
              class="currency-display-component"
              title="0 ETH"
            >
              <span
                class="currency-display-component__prefix"
              />
              <span
                class="currency-display-component__text"
              >
                0
              </span>
              <span
                class="currency-display-component__suffix"
              >
                ETH
              </span>
            </div>
          </div>
        </div>
      </h6>
    </div>
  </div>
</div>
`;
